0 verbose cli C:\Program Files\nodejs\node.exe C:\Program Files\nodejs\node_modules\npm\bin\npm-cli.js
1 info using npm@10.9.2
0 verbose cli C:\Program Files\nodejs\node.exe C:\Program Files\nodejs\node_modules\npm\bin\npm-cli.js
2 info using node@v22.16.0
3 silly config load:file:C:\Program Files\nodejs\node_modules\npm\npmrc
4 silly config load:file:d:\laragon\www\project-pkl\wp-content\themes\riset-wordpress-sage\.npmrc
5 silly config load:file:C:\Users\lenovo\.npmrc
6 silly config load:file:C:\Users\lenovo\AppData\Roaming\npm\etc\npmrc
7 verbose title npm view @roots/vite-plugin description dist-tags.latest homepage version time
1 info using npm@10.9.2
8 verbose argv "view" "--json" "--" "@roots/vite-plugin" "description" "dist-tags.latest" "homepage" "version" "time"
9 verbose logfile logs-max:10 dir:D:\laragon\www\project-pkl\wp-content\themes\riset-wordpress-sage\.npm-cache\_logs\2025-09-02T06_20_45_919Z-
10 verbose logfile D:\laragon\www\project-pkl\wp-content\themes\riset-wordpress-sage\.npm-cache\_logs\2025-09-02T06_20_45_919Z-debug-0.log
2 info using node@v22.16.0
3 silly config load:file:C:\Program Files\nodejs\node_modules\npm\npmrc
4 silly config load:file:d:\laragon\www\project-pkl\wp-content\themes\riset-wordpress-sage\.npmrc
5 silly config load:file:C:\Users\lenovo\.npmrc
6 silly config load:file:C:\Users\lenovo\AppData\Roaming\npm\etc\npmrc
7 verbose title npm view @tailwindcss/vite description dist-tags.latest homepage version time
8 verbose argv "view" "--json" "--" "@tailwindcss/vite" "description" "dist-tags.latest" "homepage" "version" "time"
9 verbose logfile logs-max:10 dir:D:\laragon\www\project-pkl\wp-content\themes\riset-wordpress-sage\.npm-cache\_logs\2025-09-02T06_20_45_919Z-
10 verbose logfile D:\laragon\www\project-pkl\wp-content\themes\riset-wordpress-sage\.npm-cache\_logs\2025-09-02T06_20_45_919Z-debug-0.log
11 silly logfile done cleaning log files
11 silly logfile done cleaning log files
12 http fetch GET 200 https://registry.npmjs.org/@tailwindcss%2fvite 1069ms (cache updated)
13 verbose cwd d:\laragon\www\project-pkl\wp-content\themes\riset-wordpress-sage
14 verbose os Windows_NT 10.0.22631
15 verbose node v22.16.0
16 verbose npm  v10.9.2
17 verbose exit 0
18 info ok
12 http fetch GET 200 https://registry.npmjs.org/@roots%2fvite-plugin 2411ms (cache revalidated)
13 verbose cwd d:\laragon\www\project-pkl\wp-content\themes\riset-wordpress-sage
14 verbose os Windows_NT 10.0.22631
15 verbose node v22.16.0
16 verbose npm  v10.9.2
17 verbose exit 0
18 info ok
